mode: set
github.com/user/data-export-go/internal/export/orchestrator.go:51.96,61.2 3 1
github.com/user/data-export-go/internal/export/orchestrator.go:64.83,76.58 3 1
github.com/user/data-export-go/internal/export/orchestrator.go:76.58,78.3 1 1
github.com/user/data-export-go/internal/export/orchestrator.go:80.2,84.28 3 1
github.com/user/data-export-go/internal/export/orchestrator.go:84.28,86.3 1 1
github.com/user/data-export-go/internal/export/orchestrator.go:86.8,86.31 1 1
github.com/user/data-export-go/internal/export/orchestrator.go:86.31,88.3 1 1
github.com/user/data-export-go/internal/export/orchestrator.go:88.8,90.3 1 1
github.com/user/data-export-go/internal/export/orchestrator.go:92.2,92.16 1 1
github.com/user/data-export-go/internal/export/orchestrator.go:92.16,94.3 1 1
github.com/user/data-export-go/internal/export/orchestrator.go:96.2,103.20 3 1
github.com/user/data-export-go/internal/export/orchestrator.go:107.89,112.28 3 1
github.com/user/data-export-go/internal/export/orchestrator.go:112.28,114.3 1 1
github.com/user/data-export-go/internal/export/orchestrator.go:117.2,118.16 2 1
github.com/user/data-export-go/internal/export/orchestrator.go:118.16,120.3 1 1
github.com/user/data-export-go/internal/export/orchestrator.go:121.2,128.16 3 1
github.com/user/data-export-go/internal/export/orchestrator.go:128.16,130.3 1 0
github.com/user/data-export-go/internal/export/orchestrator.go:131.2,138.18 5 1
github.com/user/data-export-go/internal/export/orchestrator.go:138.18,140.41 2 1
github.com/user/data-export-go/internal/export/orchestrator.go:140.41,142.4 1 0
github.com/user/data-export-go/internal/export/orchestrator.go:144.3,147.30 3 1
github.com/user/data-export-go/internal/export/orchestrator.go:147.30,148.50 1 0
github.com/user/data-export-go/internal/export/orchestrator.go:148.50,150.5 1 0
github.com/user/data-export-go/internal/export/orchestrator.go:151.4,151.21 1 0
github.com/user/data-export-go/internal/export/orchestrator.go:156.2,156.20 1 1
github.com/user/data-export-go/internal/export/orchestrator.go:156.20,157.49 1 1
github.com/user/data-export-go/internal/export/orchestrator.go:157.49,159.4 1 0
github.com/user/data-export-go/internal/export/orchestrator.go:162.2,162.35 1 1
github.com/user/data-export-go/internal/export/orchestrator.go:162.35,164.3 1 0
github.com/user/data-export-go/internal/export/orchestrator.go:167.2,167.39 1 1
github.com/user/data-export-go/internal/export/orchestrator.go:167.39,169.3 1 0
github.com/user/data-export-go/internal/export/orchestrator.go:172.2,173.16 2 1
github.com/user/data-export-go/internal/export/orchestrator.go:173.16,175.3 1 0
github.com/user/data-export-go/internal/export/orchestrator.go:177.2,182.8 2 1
github.com/user/data-export-go/internal/export/orchestrator.go:186.90,191.28 3 1
github.com/user/data-export-go/internal/export/orchestrator.go:191.28,193.3 1 0
github.com/user/data-export-go/internal/export/orchestrator.go:196.2,197.16 2 1
github.com/user/data-export-go/internal/export/orchestrator.go:197.16,199.3 1 0
github.com/user/data-export-go/internal/export/orchestrator.go:200.2,207.6 5 1
github.com/user/data-export-go/internal/export/orchestrator.go:207.6,209.17 2 1
github.com/user/data-export-go/internal/export/orchestrator.go:209.17,211.4 1 0
github.com/user/data-export-go/internal/export/orchestrator.go:213.3,213.22 1 1
github.com/user/data-export-go/internal/export/orchestrator.go:213.22,214.9 1 1
github.com/user/data-export-go/internal/export/orchestrator.go:218.3,219.29 2 1
github.com/user/data-export-go/internal/export/orchestrator.go:219.29,221.4 1 1
github.com/user/data-export-go/internal/export/orchestrator.go:224.3,228.17 2 1
github.com/user/data-export-go/internal/export/orchestrator.go:228.17,230.4 1 0
github.com/user/data-export-go/internal/export/orchestrator.go:232.3,232.48 1 1
github.com/user/data-export-go/internal/export/orchestrator.go:232.48,235.4 2 0
github.com/user/data-export-go/internal/export/orchestrator.go:237.3,237.40 1 1
github.com/user/data-export-go/internal/export/orchestrator.go:237.40,239.4 1 0
github.com/user/data-export-go/internal/export/orchestrator.go:241.3,247.28 3 1
github.com/user/data-export-go/internal/export/orchestrator.go:251.2,252.16 2 1
github.com/user/data-export-go/internal/export/orchestrator.go:252.16,254.3 1 0
github.com/user/data-export-go/internal/export/orchestrator.go:256.2,264.8 2 1
github.com/user/data-export-go/internal/export/orchestrator.go:268.94,273.16 3 1
github.com/user/data-export-go/internal/export/orchestrator.go:273.16,275.3 1 0
github.com/user/data-export-go/internal/export/orchestrator.go:277.2,277.31 1 1
github.com/user/data-export-go/internal/export/orchestrator.go:277.31,283.3 2 1
github.com/user/data-export-go/internal/export/orchestrator.go:285.2,293.49 6 1
github.com/user/data-export-go/internal/export/orchestrator.go:293.49,298.57 3 1
github.com/user/data-export-go/internal/export/orchestrator.go:298.57,303.12 4 0
github.com/user/data-export-go/internal/export/orchestrator.go:307.3,311.29 2 1
github.com/user/data-export-go/internal/export/orchestrator.go:311.29,313.4 1 0
github.com/user/data-export-go/internal/export/orchestrator.go:315.3,318.25 3 1
github.com/user/data-export-go/internal/export/orchestrator.go:318.25,321.18 2 1
github.com/user/data-export-go/internal/export/orchestrator.go:321.18,326.13 4 0
github.com/user/data-export-go/internal/export/orchestrator.go:328.4,329.21 2 1
github.com/user/data-export-go/internal/export/orchestrator.go:330.9,333.18 2 1
github.com/user/data-export-go/internal/export/orchestrator.go:333.18,338.13 4 0
github.com/user/data-export-go/internal/export/orchestrator.go:340.4,341.16 2 1
github.com/user/data-export-go/internal/export/orchestrator.go:344.3,344.17 1 1
github.com/user/data-export-go/internal/export/orchestrator.go:344.17,349.4 3 0
github.com/user/data-export-go/internal/export/orchestrator.go:351.3,353.32 1 1
github.com/user/data-export-go/internal/export/orchestrator.go:357.2,357.21 1 1
github.com/user/data-export-go/internal/export/orchestrator.go:357.21,359.28 2 0
github.com/user/data-export-go/internal/export/orchestrator.go:359.28,361.4 1 0
github.com/user/data-export-go/internal/export/orchestrator.go:363.3,367.76 2 0
github.com/user/data-export-go/internal/export/orchestrator.go:370.2,379.8 2 1
github.com/user/data-export-go/internal/export/orchestrator.go:390.9,395.16 2 1
github.com/user/data-export-go/internal/export/orchestrator.go:395.16,397.3 1 0
github.com/user/data-export-go/internal/export/orchestrator.go:398.2,404.18 5 1
github.com/user/data-export-go/internal/export/orchestrator.go:404.18,406.41 2 1
github.com/user/data-export-go/internal/export/orchestrator.go:406.41,408.4 1 0
github.com/user/data-export-go/internal/export/orchestrator.go:410.3,413.30 3 1
github.com/user/data-export-go/internal/export/orchestrator.go:413.30,414.50 1 0
github.com/user/data-export-go/internal/export/orchestrator.go:414.50,416.5 1 0
github.com/user/data-export-go/internal/export/orchestrator.go:417.4,417.21 1 0
github.com/user/data-export-go/internal/export/orchestrator.go:421.2,421.20 1 1
github.com/user/data-export-go/internal/export/orchestrator.go:421.20,422.49 1 1
github.com/user/data-export-go/internal/export/orchestrator.go:422.49,424.4 1 0
github.com/user/data-export-go/internal/export/orchestrator.go:427.2,427.35 1 1
github.com/user/data-export-go/internal/export/orchestrator.go:427.35,429.3 1 0
github.com/user/data-export-go/internal/export/orchestrator.go:431.2,431.39 1 1
github.com/user/data-export-go/internal/export/orchestrator.go:431.39,433.3 1 0
github.com/user/data-export-go/internal/export/orchestrator.go:436.2,437.16 2 1
github.com/user/data-export-go/internal/export/orchestrator.go:437.16,439.3 1 0
github.com/user/data-export-go/internal/export/orchestrator.go:441.2,446.12 5 1
github.com/user/data-export-go/internal/export/orchestrator.go:457.9,458.6 1 1
github.com/user/data-export-go/internal/export/orchestrator.go:458.6,460.17 2 1
github.com/user/data-export-go/internal/export/orchestrator.go:460.17,462.4 1 0
github.com/user/data-export-go/internal/export/orchestrator.go:464.3,464.22 1 1
github.com/user/data-export-go/internal/export/orchestrator.go:464.22,465.9 1 1
github.com/user/data-export-go/internal/export/orchestrator.go:468.3,469.29 2 1
github.com/user/data-export-go/internal/export/orchestrator.go:469.29,471.4 1 1
github.com/user/data-export-go/internal/export/orchestrator.go:473.3,477.17 2 1
github.com/user/data-export-go/internal/export/orchestrator.go:477.17,479.4 1 0
github.com/user/data-export-go/internal/export/orchestrator.go:481.3,481.48 1 1
github.com/user/data-export-go/internal/export/orchestrator.go:481.48,484.4 2 0
github.com/user/data-export-go/internal/export/orchestrator.go:486.3,486.40 1 1
github.com/user/data-export-go/internal/export/orchestrator.go:486.40,488.4 1 0
github.com/user/data-export-go/internal/export/orchestrator.go:490.3,492.14 3 1
github.com/user/data-export-go/internal/export/orchestrator.go:496.2,497.16 2 1
github.com/user/data-export-go/internal/export/orchestrator.go:497.16,499.3 1 0
github.com/user/data-export-go/internal/export/orchestrator.go:501.2,505.12 4 1
github.com/user/data-export-go/internal/export/orchestrator.go:509.101,513.28 2 1
github.com/user/data-export-go/internal/export/orchestrator.go:513.28,515.3 1 0
github.com/user/data-export-go/internal/export/orchestrator.go:517.2,518.16 2 1
github.com/user/data-export-go/internal/export/orchestrator.go:518.16,520.3 1 0
github.com/user/data-export-go/internal/export/orchestrator.go:521.2,524.18 3 1
github.com/user/data-export-go/internal/export/orchestrator.go:524.18,526.41 2 1
github.com/user/data-export-go/internal/export/orchestrator.go:526.41,528.4 1 0
github.com/user/data-export-go/internal/export/orchestrator.go:530.3,530.43 1 1
github.com/user/data-export-go/internal/export/orchestrator.go:530.43,532.4 1 1
github.com/user/data-export-go/internal/export/orchestrator.go:535.2,535.35 1 1
github.com/user/data-export-go/internal/export/orchestrator.go:535.35,537.3 1 0
github.com/user/data-export-go/internal/export/orchestrator.go:539.2,539.20 1 1
github.com/user/data-export-go/internal/export/orchestrator.go:543.70,545.16 2 1
github.com/user/data-export-go/internal/export/orchestrator.go:545.16,547.3 1 1
github.com/user/data-export-go/internal/export/orchestrator.go:549.2,550.32 2 1
github.com/user/data-export-go/internal/export/orchestrator.go:550.32,551.68 1 1
github.com/user/data-export-go/internal/export/orchestrator.go:551.68,553.4 1 1
github.com/user/data-export-go/internal/export/orchestrator.go:556.2,556.19 1 1
github.com/user/data-export-go/internal/export/orchestrator.go:560.55,561.18 1 1
github.com/user/data-export-go/internal/export/orchestrator.go:561.18,563.3 1 1
github.com/user/data-export-go/internal/export/orchestrator.go:565.2,576.10 11 1
